
> vibe-generated-app@1.0.0 dev
> vite


  VITE v5.4.20  ready in 206 ms

  ➜  Local:   http://localhost:3000/
  ➜  Network: http://172.20.57.38:3000/
11:26:46 AM [vite] Pre-transform error: Transform failed with 1 error:
/home/workspace/src/components/Integrations.jsx:22:28: ERROR: Expected "}" but found "$"
11:26:46 AM [vite] ✨ new dependencies optimized: lucide-react
11:26:46 AM [vite] ✨ optimized dependencies changed. reloading
11:26:47 AM [vite] Pre-transform error: Transform failed with 1 error:
/home/workspace/src/components/Integrations.jsx:22:28: ERROR: Expected "}" but found "$"
The file does not exist at "/home/workspace/node_modules/.vite/deps/chunk-I4MZPW7S.js?v=35394813" which is in the optimize deps directory. The dependency might be incompatible with the dep optimizer. Try adding it to `optimizeDeps.exclude`.
11:26:47 AM [vite] Internal server error: Transform failed with 1 error:
/home/workspace/src/components/Integrations.jsx:22:28: ERROR: Expected "}" but found "$"
  Plugin: vite:esbuild
  File: /home/workspace/src/components/Integrations.jsx:22:28
  
  Expected "}" but found "$"
  20 |              <p className="text-slate-300 text-sm">Пример подключения</p>
  21 |              <div className="mt-3 rounded-lg bg-slate-950 p-4 text-xs text-slate-300 font-mono overflow-auto">
  22 |                <pre>{`fetch(`${'${import.meta.env.VITE_BACKEND_URL}'}/moodle/sync`, {
     |                              ^
  23 |    method: 'POST',
  24 |    headers: { 'Content-Type': 'application/json' },
  
      at failureErrorWithLog (/home/workspace/node_modules/esbuild/lib/main.js:1472:15)
      at /home/workspace/node_modules/esbuild/lib/main.js:755:50
      at responseCallbacks.<computed> (/home/workspace/node_modules/esbuild/lib/main.js:622:9)
      at handleIncomingPacket (/home/workspace/node_modules/esbuild/lib/main.js:677:12)
      at Socket.readFromStdout (/home/workspace/node_modules/esbuild/lib/main.js:600:7)
      at Socket.emit (node:events:508:28)
      at addChunk (node:internal/streams/readable:559:12)
      at readableAddChunkPushByteMode (node:internal/streams/readable:510:3)
      at Readable.push (node:internal/streams/readable:390:5)
      at Pipe.onStreamRead (node:internal/stream_base_commons:189:23)
11:27:16 AM [vite] Internal server error: Transform failed with 1 error:
/home/workspace/src/components/Integrations.jsx:22:28: ERROR: Expected "}" but found "$"
  Plugin: vite:esbuild
  File: /home/workspace/src/components/Integrations.jsx:22:28
  
  Expected "}" but found "$"
  20 |              <p className="text-slate-300 text-sm">Пример подключения</p>
  21 |              <div className="mt-3 rounded-lg bg-slate-950 p-4 text-xs text-slate-300 font-mono overflow-auto">
  22 |                <pre>{`fetch(`${'${import.meta.env.VITE_BACKEND_URL}'}/moodle/sync`, {
     |                              ^
  23 |    method: 'POST',
  24 |    headers: { 'Content-Type': 'application/json' },
  
      at failureErrorWithLog (/home/workspace/node_modules/esbuild/lib/main.js:1472:15)
      at /home/workspace/node_modules/esbuild/lib/main.js:755:50
      at responseCallbacks.<computed> (/home/workspace/node_modules/esbuild/lib/main.js:622:9)
      at handleIncomingPacket (/home/workspace/node_modules/esbuild/lib/main.js:677:12)
      at Socket.readFromStdout (/home/workspace/node_modules/esbuild/lib/main.js:600:7)
      at Socket.emit (node:events:508:28)
      at addChunk (node:internal/streams/readable:559:12)
      at readableAddChunkPushByteMode (node:internal/streams/readable:510:3)
      at Readable.push (node:internal/streams/readable:390:5)
      at Pipe.onStreamRead (node:internal/stream_base_commons:189:23)
